/home/ubuntu/Install/llvm/llvm.4.0.0.install//bin/opt: test.mod.ll:181:25: error: use of undefined value '@my.fabs.f64'
  %8 = tail call double @my.fabs.f64(double %7) #22
                        ^
0.02user 0.02system 0:00.14elapsed 36%CPU (0avgtext+0avgdata 27256maxresident)k
0inputs+16outputs (0major+3271minor)pagefaults 0swaps
