[Error] Critical: Parser returned a non-zero exit code: 113
Stdout:

Stderr:
[Error] Inner Parser: Scanner error: unexpected character sequence ':'.
	Source(/home/ubuntu/Github/validating-binary-decompilation/tests/single_instruction_translation_validation/mcsema/register-variants/pandn_xmm_xmm/./llvm-kast.test.mod.ll.zmWTCkwC)
	Location(1,5949,1,5950)
Command exited with non-zero status 113
22.94user 7.85system 0:14.53elapsed 211%CPU (0avgtext+0avgdata 517768maxresident)k
0inputs+4792outputs (0major+366719minor)pagefaults 0swaps
