[Error] Critical: Parser returned a non-zero exit code: 113
Stdout:

Stderr:
[Error] Inner Parser: Scanner error: unexpected character sequence 's'.
	Source(/home/ubuntu/Github/validating-binary-decompilation/tests/single_instruction_translation_validation/mcsema/register-variants/rolq_r64_cl/./llvm-kast.test.mod.ll.HSLkwsRO)
	Location(1,14102,1,14103)
Command exited with non-zero status 113
22.85user 7.11system 0:14.82elapsed 202%CPU (0avgtext+0avgdata 535248maxresident)k
0inputs+4808outputs (0major+358338minor)pagefaults 0swaps
