/home/ubuntu/Install/llvm/llvm.4.0.0.install//bin/opt: test.mod.ll:225:13: error: use of undefined value '@my.lifetime.end'
  call void @my.lifetime.end(i64 16, i8* nonnull %17)
            ^
0.03user 0.00system 0:00.03elapsed 108%CPU (0avgtext+0avgdata 27580maxresident)k
0inputs+16outputs (0major+3281minor)pagefaults 0swaps
