Importing: Source(/home/ubuntu/Github/validating-binary-decompilation/tests/single_instruction_translation_validation/mcsema/memory-variants/btrl_m32_imm8/././test-xspec.k)
Importing: Source(/home/ubuntu/Github/validating-binary-decompilation/tests/single_instruction_translation_validation/mcsema/memory-variants/btrl_m32_imm8/test-xspec.k)
Parse spec modules [1/9 rules]                               =  0.022s
StateLog: /home/ubuntu/Github/X86-64-semantics/semantics/x86-semantics-kompiled/stateLog/prove-2044796696.log

Parsing finished:  652.582 s
Pre-processing rule:
rule too long...
	Source: /home/ubuntu/Github/validating-binary-decompilation/tests/single_instruction_translation_validation/mcsema/memory-variants/btrl_m32_imm8/test-xspec.k Location(6,5,102,69)
==================================

Initialization finished
==================================
Stats for each phase, time, used memory, implicit main GC time percentage:
Total                 :  653.074 s,	 9498 MB, gc:  1.490 %
  Parsing             :  652.582 s,	 9306 MB, gc:  1.491 %
  Init                :    0.492 s,	 9498 MB, gc:  0.000 %

Init+Execution time:       0.492 s

  Time and top-level event counts:
  resolveFunctionAndAnywhere time  :    0.069 s,      #        416
    evaluateFunction time            :    0.055 s,      #        210
      builtin evaluation               :           ,      #        117
      function rule                    :           ,      #         12
      no rule applicable               :           ,      #         41
      no function rules                :           ,      #         40
    applyAnywhereRules time          :    0.000 s,      #         81
      no anywhere rules                :           ,      #         81
    remaining time & # cached        :    0.014 s,      #        125

  Recursive event counts:
  resolveFunctionAndAnywhere time  :           ,      #        340
    evaluateFunction time            :           ,      #         12
      builtin evaluation               :           ,      #          0
      function rule                    :           ,      #          0
      no rule applicable               :           ,      #          0
      no function rules                :           ,      #         12
    applyAnywhereRules time          :           ,      #          0
      no anywhere rules                :           ,      #          0
    # cached                         :           ,      #        328
==================================


Initial term
=====================

`<generatedTop>`(`<k>`(#token("fetchNoDBG","KItem")),`<functargets>`(`_|->_`(#token("_start","X86Id"),ptr(symloc(#token("-1","Int"),#token("0","Int"),#token("0","Int"),#token("0","Int"),#token("0","Int")),#token("64'0","MInt")))),`<rotargets>`(`.Map`(.KList)),`<datatargets>`(`.Map`(.KList)),`<bsstargets>`(`.Map`(.KList)),`<entrypoint>`(#EmptyK(.KList)),`<nextLocPc>`(_0),`<lastseenlabel>`(#EmptyK(.KList)),`<currentsection>`(#token("\"text\"","String")),`<memstate>`(`<text>`(code(`_Map_`(`_|->_`(ptr(symloc(#token("-1","Int"),#token("0","Int"),#token("0","Int"),#token("0","Int"),#token("0","Int")),#token("64'0","MInt")),storedInstr(`___X86-SYNTAX`(`btrl_X86-SYNTAX`(.KList),operandlist(#token("$0xa","HexConstant"),operandlist(`_(_)_X86-SYNTAX`(#token("-32","Int"),`%rbp_X86-SYNTAX`(.KList)),`.List{"operandlist"}`(.KList)))))),`_|->_`(ptr(symloc(#token("-1","Int"),#token("0","Int"),#token("0","Int"),#token("0","Int"),#token("0","Int")),#token("64'1","MInt")),storedInstr(`___X86-SYNTAX`(`ret_X86-SYNTAX`(.KList),`.List{"operandlist"}`(.KList))))))),`<stack>`(`<memory>`(`<nextLoc>`(#token("1","Int")),`<objects>`(mem(`_Map_`(`_|->_`(symloc(#token("1","Int"),#token("128","Int"),#token("1040","Int"),#token("8","Int"),#token("1000","Int")),byte(#token("0","Int"),mi(#token("32","Int"),VX_MEM_32))),`_|->_`(symloc(#token("1","Int"),#token("128","Int"),#token("1040","Int"),#token("8","Int"),#token("1001","Int")),byte(#token("1","Int"),mi(#token("32","Int"),VX_MEM_32))),`_|->_`(symloc(#token("1","Int"),#token("128","Int"),#token("1040","Int"),#token("8","Int"),#token("1002","Int")),byte(#token("2","Int"),mi(#token("32","Int"),VX_MEM_32))),`_|->_`(symloc(#token("1","Int"),#token("128","Int"),#token("1040","Int"),#token("8","Int"),#token("1003","Int")),byte(#token("3","Int"),mi(#token("32","Int"),VX_MEM_32))),`_|->_`(symloc(#token("1","Int"),#token("128","Int"),#token("1040","Int"),#token("8","Int"),#token("1032","Int")),byte(#token("0","Int"),#token("64'-1","MInt"))),`_|->_`(symloc(#token("1","Int"),#token("128","Int"),#token("1040","Int"),#token("8","Int"),#token("1033","Int")),byte(#token("1","Int"),#token("64'-1","MInt"))),`_|->_`(symloc(#token("1","Int"),#token("128","Int"),#token("1040","Int"),#token("8","Int"),#token("1034","Int")),byte(#token("2","Int"),#token("64'-1","MInt"))),`_|->_`(symloc(#token("1","Int"),#token("128","Int"),#token("1040","Int"),#token("8","Int"),#token("1035","Int")),byte(#token("3","Int"),#token("64'-1","MInt"))),`_|->_`(symloc(#token("1","Int"),#token("128","Int"),#token("1040","Int"),#token("8","Int"),#token("1036","Int")),byte(#token("4","Int"),#token("64'-1","MInt"))),`_|->_`(symloc(#token("1","Int"),#token("128","Int"),#token("1040","Int"),#token("8","Int"),#token("1037","Int")),byte(#token("5","Int"),#token("64'-1","MInt"))),`_|->_`(symloc(#token("1","Int"),#token("128","Int"),#token("1040","Int"),#token("8","Int"),#token("1038","Int")),byte(#token("6","Int"),#token("64'-1","MInt"))),`_|->_`(symloc(#token("1","Int"),#token("128","Int"),#token("1040","Int"),#token("8","Int"),#token("1039","Int")),byte(#token("7","Int"),#token("64'-1","MInt")))))),`<freed>`(`.Set`(.KList))),`<stackbase>`(stackBaseInfo(symloc(#token("1","Int"),#token("128","Int"),#token("1040","Int"),#token("8","Int"),#token("0","Int")),#token("64'1032","MInt"))),`<robase>`(roBaseInfo(#EmptyK(.KList),#EmptyK(.KList),#EmptyK(.KList))),`<database>`(dataBaseInfo(#EmptyK(.KList),#EmptyK(.KList),#EmptyK(.KList))),`<bssbase>`(bssBaseInfo(#EmptyK(.KList),#EmptyK(.KList),#EmptyK(.KList))))),`<environment>`(`<argc>`(#EmptyK(.KList)),`<argv>`(#EmptyK(.KList))),`<regstate>`(`_Map_`(`_|->_`(#token("\"AF\"","String"),mi(#token("1","Int"),VX_AF)),`_|->_`(#token("\"CF\"","String"),mi(#token("1","Int"),VX_CF)),`_|->_`(#token("\"OF\"","String"),mi(#token("1","Int"),VX_OF)),`_|->_`(#token("\"PF\"","String"),mi(#token("1","Int"),VX_PF)),`_|->_`(#token("\"RAX\"","String"),mi(#token("64","Int"),VX_RAX)),`_|->_`(#token("\"RBP\"","String"),ptr(symloc(#token("1","Int"),#token("128","Int"),#token("1040","Int"),#token("8","Int"),#token("0","Int")),#token("64'1032","MInt"))),`_|->_`(#token("\"RBX\"","String"),mi(#token("64","Int"),VX_RBX)),`_|->_`(#token("\"RCX\"","String"),mi(#token("64","Int"),VX_RCX)),`_|->_`(#token("\"RDI\"","String"),mi(#token("64","Int"),VX_RDI)),`_|->_`(#token("\"RDX\"","String"),mi(#token("64","Int"),VX_RDX)),`_|->_`(#token("\"RIP\"","String"),ptr(symloc(#token("-1","Int"),#token("0","Int"),#token("0","Int"),#token("0","Int"),#token("0","Int")),#token("64'0","MInt"))),`_|->_`(#token("\"RSI\"","String"),mi(#token("64","Int"),VX_RSI)),`_|->_`(#token("\"RSP\"","String"),ptr(symloc(#token("1","Int"),#token("128","Int"),#token("1040","Int"),#token("8","Int"),#token("0","Int")),#token("64'1032","MInt"))),`_|->_`(#token("\"SF\"","String"),mi(#token("1","Int"),VX_SF)),`_|->_`(#token("\"YMM1\"","String"),mi(#token("256","Int"),VX_YMM1)),`_|->_`(#token("\"YMM2\"","String"),mi(#token("256","Int"),VX_YMM2)),`_|->_`(#token("\"ZF\"","String"),mi(#token("1","Int"),VX_ZF)))),_19,_20,_21,_22,_23)
/\
#And(#And(#And(#And(#And(#And(#And(#And(#And(#And(#And(#And(#And(#And(#And(#And(#And(#And(#And(`_==K_`(`_orBool_`(`_==K_`(VX_AF,#token("0","Int")),`_==K_`(VX_AF,#token("1","Int"))),#token("true","Bool")),`_==K_`(`_orBool_`(`_==K_`(VX_CF,#token("0","Int")),`_==K_`(VX_CF,#token("1","Int"))),#token("true","Bool"))),`_==K_`(`_orBool_`(`_==K_`(VX_OF,#token("0","Int")),`_==K_`(VX_OF,#token("1","Int"))),#token("true","Bool"))),`_==K_`(`_orBool_`(`_==K_`(VX_PF,#token("0","Int")),`_==K_`(VX_PF,#token("1","Int"))),#token("true","Bool"))),`_==K_`(`_orBool_`(`_==K_`(VX_SF,#token("0","Int")),`_==K_`(VX_SF,#token("1","Int"))),#token("true","Bool"))),`_==K_`(`_orBool_`(`_==K_`(VX_ZF,#token("0","Int")),`_==K_`(VX_ZF,#token("1","Int"))),#token("true","Bool"))),`_==K_`(`_<Int_`(VX_MEM_32,#token("4294967296","Int")),#token("true","Bool"))),`_==K_`(`_>=Int_`(VX_MEM_32,#token("0","Int")),#token("true","Bool"))),`_==K_`(`_<Int_`(VX_RAX,#token("18446744073709551616","Int")),#token("true","Bool"))),`_==K_`(`_>=Int_`(VX_RAX,#token("0","Int")),#token("true","Bool"))),`_==K_`(`_<Int_`(VX_RBX,#token("18446744073709551616","Int")),#token("true","Bool"))),`_==K_`(`_>=Int_`(VX_RBX,#token("0","Int")),#token("true","Bool"))),`_==K_`(`_<Int_`(VX_RCX,#token("18446744073709551616","Int")),#token("true","Bool"))),`_==K_`(`_>=Int_`(VX_RCX,#token("0","Int")),#token("true","Bool"))),`_==K_`(`_<Int_`(VX_RDI,#token("18446744073709551616","Int")),#token("true","Bool"))),`_==K_`(`_>=Int_`(VX_RDI,#token("0","Int")),#token("true","Bool"))),`_==K_`(`_<Int_`(VX_RDX,#token("18446744073709551616","Int")),#token("true","Bool"))),`_==K_`(`_>=Int_`(VX_RDX,#token("0","Int")),#token("true","Bool"))),`_==K_`(`_<Int_`(VX_RSI,#token("18446744073709551616","Int")),#token("true","Bool"))),`_==K_`(`_>=Int_`(VX_RSI,#token("0","Int")),#token("true","Bool")))


Target term
=====================

`<generatedTop>`(`<k>`(`exit_0_X86-FETCH-EXECUTE`(.KList)),`<functargets>`(`_|->_`(#token("_start","X86Id"),ptr(symloc(#token("-1","Int"),#token("0","Int"),#token("0","Int"),#token("0","Int"),#token("0","Int")),#token("64'0","MInt")))),`<rotargets>`(`.Map`(.KList)),`<datatargets>`(`.Map`(.KList)),`<bsstargets>`(`.Map`(.KList)),`<entrypoint>`(#EmptyK(.KList)),`<nextLocPc>`(_0),`<lastseenlabel>`(#EmptyK(.KList)),`<currentsection>`(#token("\"text\"","String")),`<memstate>`(`<text>`(code(`_Map_`(`_|->_`(ptr(symloc(#token("-1","Int"),#token("0","Int"),#token("0","Int"),#token("0","Int"),#token("0","Int")),#token("64'0","MInt")),storedInstr(`___X86-SYNTAX`(`btrl_X86-SYNTAX`(.KList),operandlist(#token("$0xa","HexConstant"),operandlist(`_(_)_X86-SYNTAX`(#token("-32","Int"),`%rbp_X86-SYNTAX`(.KList)),`.List{"operandlist"}`(.KList)))))),`_|->_`(ptr(symloc(#token("-1","Int"),#token("0","Int"),#token("0","Int"),#token("0","Int"),#token("0","Int")),#token("64'1","MInt")),storedInstr(`___X86-SYNTAX`(`ret_X86-SYNTAX`(.KList),`.List{"operandlist"}`(.KList))))))),`<stack>`(`<memory>`(`<nextLoc>`(#token("1","Int")),`<objects>`(mem(`_Map_`(`_|->_`(symloc(#token("1","Int"),#token("128","Int"),#token("1040","Int"),#token("8","Int"),#token("1000","Int")),_15),`_|->_`(symloc(#token("1","Int"),#token("128","Int"),#token("1040","Int"),#token("8","Int"),#token("1001","Int")),_16),`_|->_`(symloc(#token("1","Int"),#token("128","Int"),#token("1040","Int"),#token("8","Int"),#token("1002","Int")),_17),`_|->_`(symloc(#token("1","Int"),#token("128","Int"),#token("1040","Int"),#token("8","Int"),#token("1003","Int")),_18),`_|->_`(symloc(#token("1","Int"),#token("128","Int"),#token("1040","Int"),#token("8","Int"),#token("1032","Int")),byte(#token("0","Int"),#token("64'-1","MInt"))),`_|->_`(symloc(#token("1","Int"),#token("128","Int"),#token("1040","Int"),#token("8","Int"),#token("1033","Int")),byte(#token("1","Int"),#token("64'-1","MInt"))),`_|->_`(symloc(#token("1","Int"),#token("128","Int"),#token("1040","Int"),#token("8","Int"),#token("1034","Int")),byte(#token("2","Int"),#token("64'-1","MInt"))),`_|->_`(symloc(#token("1","Int"),#token("128","Int"),#token("1040","Int"),#token("8","Int"),#token("1035","Int")),byte(#token("3","Int"),#token("64'-1","MInt"))),`_|->_`(symloc(#token("1","Int"),#token("128","Int"),#token("1040","Int"),#token("8","Int"),#token("1036","Int")),byte(#token("4","Int"),#token("64'-1","MInt"))),`_|->_`(symloc(#token("1","Int"),#token("128","Int"),#token("1040","Int"),#token("8","Int"),#token("1037","Int")),byte(#token("5","Int"),#token("64'-1","MInt"))),`_|->_`(symloc(#token("1","Int"),#token("128","Int"),#token("1040","Int"),#token("8","Int"),#token("1038","Int")),byte(#token("6","Int"),#token("64'-1","MInt"))),`_|->_`(symloc(#token("1","Int"),#token("128","Int"),#token("1040","Int"),#token("8","Int"),#token("1039","Int")),byte(#token("7","Int"),#token("64'-1","MInt")))))),`<freed>`(`.Set`(.KList))),`<stackbase>`(stackBaseInfo(symloc(#token("1","Int"),#token("128","Int"),#token("1040","Int"),#token("8","Int"),#token("0","Int")),#token("64'1032","MInt"))),`<robase>`(roBaseInfo(#EmptyK(.KList),#EmptyK(.KList),#EmptyK(.KList))),`<database>`(dataBaseInfo(#EmptyK(.KList),#EmptyK(.KList),#EmptyK(.KList))),`<bssbase>`(bssBaseInfo(#EmptyK(.KList),#EmptyK(.KList),#EmptyK(.KList))))),`<environment>`(`<argc>`(#EmptyK(.KList)),`<argv>`(#EmptyK(.KList))),`<regstate>`(`_Map_`(`_|->_`(#token("\"AF\"","String"),mi(#token("1","Int"),_7)),`_|->_`(#token("\"CF\"","String"),mi(#token("1","Int"),_8)),`_|->_`(#token("\"OF\"","String"),mi(#token("1","Int"),_9)),`_|->_`(#token("\"PF\"","String"),mi(#token("1","Int"),_10)),`_|->_`(#token("\"RAX\"","String"),mi(#token("64","Int"),_1)),`_|->_`(#token("\"RBP\"","String"),ptr(symloc(#token("1","Int"),#token("128","Int"),#token("1040","Int"),#token("8","Int"),#token("0","Int")),#token("64'1032","MInt"))),`_|->_`(#token("\"RBX\"","String"),mi(#token("64","Int"),_2)),`_|->_`(#token("\"RCX\"","String"),mi(#token("64","Int"),_3)),`_|->_`(#token("\"RDI\"","String"),mi(#token("64","Int"),_6)),`_|->_`(#token("\"RDX\"","String"),mi(#token("64","Int"),_4)),`_|->_`(#token("\"RIP\"","String"),#token("64'18446744073709551615","MInt")),`_|->_`(#token("\"RSI\"","String"),mi(#token("64","Int"),_5)),`_|->_`(#token("\"RSP\"","String"),ptr(symloc(#token("1","Int"),#token("128","Int"),#token("1040","Int"),#token("8","Int"),#token("0","Int")),#token("64'1040","MInt"))),`_|->_`(#token("\"SF\"","String"),mi(#token("1","Int"),_11)),`_|->_`(#token("\"YMM1\"","String"),mi(#token("256","Int"),_13)),`_|->_`(#token("\"YMM2\"","String"),mi(#token("256","Int"),_14)),`_|->_`(#token("\"ZF\"","String"),mi(#token("1","Int"),_12)))),_19,_20,_21,_22,_23)
/\
#True(.KList)


STEP 1 v1 :    1.805 s, 		10778 MB, gc:  0.000 %
===================
`<memory>`(`<nextLoc>`(#token("1","Int")),`<objects>`(mem(`_Map_`(`_|->_`(symloc(#token("1","Int"),#token("128","Int"),#token("1040","Int"),#token("8","Int"),#token("1000","Int")),byte(#token("0","Int"),mi(#token("32","Int"),VX_MEM_32))),`_|->_`(symloc(#token("1","Int"),#token("128","Int"),#token("1040","Int"),#token("8","Int"),#token("1001","Int")),byte(#token("1","Int"),mi(#token("32","Int"),VX_MEM_32))),`_|->_`(symloc(#token("1","Int"),#token("128","Int"),#token("1040","Int"),#token("8","Int"),#token("1002","Int")),byte(#token("2","Int"),mi(#token("32","Int"),VX_MEM_32))),`_|->_`(symloc(#token("1","Int"),#token("128","Int"),#token("1040","Int"),#token("8","Int"),#token("1003","Int")),byte(#token("3","Int"),mi(#token("32","Int"),VX_MEM_32))),`_|->_`(symloc(#token("1","Int"),#token("128","Int"),#token("1040","Int"),#token("8","Int"),#token("1032","Int")),byte(#token("0","Int"),#token("64'-1","MInt"))),`_|->_`(symloc(#token("1","Int"),#token("128","Int"),#token("1040","Int"),#token("8","Int"),#token("1033","Int")),byte(#token("1","Int"),#token("64'-1","MInt"))),`_|->_`(symloc(#token("1","Int"),#token("128","Int"),#token("1040","Int"),#token("8","Int"),#token("1034","Int")),byte(#token("2","Int"),#token("64'-1","MInt"))),`_|->_`(symloc(#token("1","Int"),#token("128","Int"),#token("1040","Int"),#token("8","Int"),#token("1035","Int")),byte(#token("3","Int"),#token("64'-1","MInt"))),`_|->_`(symloc(#token("1","Int"),#token("128","Int"),#token("1040","Int"),#token("8","Int"),#token("1036","Int")),byte(#token("4","Int"),#token("64'-1","MInt"))),`_|->_`(symloc(#token("1","Int"),#token("128","Int"),#token("1040","Int"),#token("8","Int"),#token("1037","Int")),byte(#token("5","Int"),#token("64'-1","MInt"))),`_|->_`(symloc(#token("1","Int"),#token("128","Int"),#token("1040","Int"),#token("8","Int"),#token("1038","Int")),byte(#token("6","Int"),#token("64'-1","MInt"))),`_|->_`(symloc(#token("1","Int"),#token("128","Int"),#token("1040","Int"),#token("8","Int"),#token("1039","Int")),byte(#token("7","Int"),#token("64'-1","MInt")))))),`<freed>`(`.Set`(.KList)))

STEP 25 v1 :    2.569 s, 		11386 MB, gc:  0.000 %
===================
`<memory>`(`<nextLoc>`(#token("1","Int")),`<objects>`(mem(`_Map_`(`_|->_`(symloc(#token("1","Int"),#token("128","Int"),#token("1040","Int"),#token("8","Int"),#token("1000","Int")),byte(#token("0","Int"),mi(#token("32","Int"),VX_MEM_32))),`_|->_`(symloc(#token("1","Int"),#token("128","Int"),#token("1040","Int"),#token("8","Int"),#token("1001","Int")),byte(#token("0","Int"),andMInt(extractMInt(mi(#token("32","Int"),VX_MEM_32),#token("16","Int"),#token("24","Int")),#token("8'-5","MInt")))),`_|->_`(symloc(#token("1","Int"),#token("128","Int"),#token("1040","Int"),#token("8","Int"),#token("1002","Int")),byte(#token("2","Int"),mi(#token("32","Int"),VX_MEM_32))),`_|->_`(symloc(#token("1","Int"),#token("128","Int"),#token("1040","Int"),#token("8","Int"),#token("1003","Int")),byte(#token("3","Int"),mi(#token("32","Int"),VX_MEM_32))),`_|->_`(symloc(#token("1","Int"),#token("128","Int"),#token("1040","Int"),#token("8","Int"),#token("1032","Int")),byte(#token("0","Int"),#token("64'-1","MInt"))),`_|->_`(symloc(#token("1","Int"),#token("128","Int"),#token("1040","Int"),#token("8","Int"),#token("1033","Int")),byte(#token("1","Int"),#token("64'-1","MInt"))),`_|->_`(symloc(#token("1","Int"),#token("128","Int"),#token("1040","Int"),#token("8","Int"),#token("1034","Int")),byte(#token("2","Int"),#token("64'-1","MInt"))),`_|->_`(symloc(#token("1","Int"),#token("128","Int"),#token("1040","Int"),#token("8","Int"),#token("1035","Int")),byte(#token("3","Int"),#token("64'-1","MInt"))),`_|->_`(symloc(#token("1","Int"),#token("128","Int"),#token("1040","Int"),#token("8","Int"),#token("1036","Int")),byte(#token("4","Int"),#token("64'-1","MInt"))),`_|->_`(symloc(#token("1","Int"),#token("128","Int"),#token("1040","Int"),#token("8","Int"),#token("1037","Int")),byte(#token("5","Int"),#token("64'-1","MInt"))),`_|->_`(symloc(#token("1","Int"),#token("128","Int"),#token("1040","Int"),#token("8","Int"),#token("1038","Int")),byte(#token("6","Int"),#token("64'-1","MInt"))),`_|->_`(symloc(#token("1","Int"),#token("128","Int"),#token("1040","Int"),#token("8","Int"),#token("1039","Int")),byte(#token("7","Int"),#token("64'-1","MInt")))))),`<freed>`(`.Set`(.KList)))

Step above: 25, evaluation ended with no successors.

SPEC FAILED: /home/ubuntu/Github/validating-binary-decompilation/tests/single_instruction_translation_validation/mcsema/memory-variants/btrl_m32_imm8/test-xspec.k Location(6,5,102,69)
==================================
Success execution paths: 0
Failed execution paths: 1
Longest path: 25 steps
Stats for each phase, time, used memory, implicit main GC time percentage:
Total                 :  656.117 s,	11738 MB, gc:  1.483 %
  Parsing             :  652.582 s,	 9306 MB, gc:  1.491 %
  Init                :    0.492 s,	 9498 MB, gc:  0.000 %
  Execution           :    3.043 s,	11738 MB, gc:  0.000 %

Init+Execution time:       3.535 s
  query build time                 :    0.006 s,      #          5

  Time and top-level event counts:
  resolveFunctionAndAnywhere time  :    0.149 s,      #        949
    evaluateFunction time            :    0.128 s,      #        464
      builtin evaluation               :           ,      #        179
      function rule                    :           ,      #         51
      sort predicate                   :           ,      #          6
      no rule applicable               :           ,      #        134
      no function rules                :           ,      #         94
    applyAnywhereRules time          :    0.001 s,      #        206
      no anywhere rules                :           ,      #        206
    remaining time & # cached        :    0.020 s,      #        279
  log time                         :    0.934 s,      #         26
  impliesSMT time                  :    0.006 s,      #          5

  Recursive event counts:
  resolveFunctionAndAnywhere time  :           ,      #       1004
    evaluateFunction time            :           ,      #        332
      builtin evaluation               :           ,      #        173
      function rule                    :           ,      #        120
      sort predicate                   :           ,      #          0
      no rule applicable               :           ,      #          7
      no function rules                :           ,      #         28
    applyAnywhereRules time          :           ,      #         26
      no anywhere rules                :           ,      #         26
    # cached                         :           ,      #        646

Max memory : 262144 MB
==================================

`<generatedTop>`(`<k>`(`exit_0_X86-FETCH-EXECUTE`(.KList)),`<functargets>`(`_|->_`(#token("_start","X86Id"),ptr(symloc(#token("-1","Int"),#token("0","Int"),#token("0","Int"),#token("0","Int"),#token("0","Int")),#token("64'0","MInt")))),`<rotargets>`(`.Map`(.KList)),`<datatargets>`(`.Map`(.KList)),`<bsstargets>`(`.Map`(.KList)),`<entrypoint>`(#EmptyK(.KList)),`<nextLocPc>`(_0),`<lastseenlabel>`(#EmptyK(.KList)),`<currentsection>`(#token("\"text\"","String")),`<memstate>`(`<text>`(code(`_Map_`(`_|->_`(ptr(symloc(#token("-1","Int"),#token("0","Int"),#token("0","Int"),#token("0","Int"),#token("0","Int")),#token("64'0","MInt")),storedInstr(`___X86-SYNTAX`(`btrl_X86-SYNTAX`(.KList),operandlist(#token("$0xa","HexConstant"),operandlist(`_(_)_X86-SYNTAX`(#token("-32","Int"),`%rbp_X86-SYNTAX`(.KList)),`.List{"operandlist"}`(.KList)))))),`_|->_`(ptr(symloc(#token("-1","Int"),#token("0","Int"),#token("0","Int"),#token("0","Int"),#token("0","Int")),#token("64'1","MInt")),storedInstr(`___X86-SYNTAX`(`ret_X86-SYNTAX`(.KList),`.List{"operandlist"}`(.KList))))))),`<stack>`(`<memory>`(`<nextLoc>`(#token("1","Int")),`<objects>`(mem(`_Map_`(`_|->_`(symloc(#token("1","Int"),#token("128","Int"),#token("1040","Int"),#token("8","Int"),#token("1000","Int")),byte(#token("0","Int"),mi(#token("32","Int"),VX_MEM_32))),`_|->_`(symloc(#token("1","Int"),#token("128","Int"),#token("1040","Int"),#token("8","Int"),#token("1001","Int")),byte(#token("0","Int"),andMInt(extractMInt(mi(#token("32","Int"),VX_MEM_32),#token("16","Int"),#token("24","Int")),#token("8'-5","MInt")))),`_|->_`(symloc(#token("1","Int"),#token("128","Int"),#token("1040","Int"),#token("8","Int"),#token("1002","Int")),byte(#token("2","Int"),mi(#token("32","Int"),VX_MEM_32))),`_|->_`(symloc(#token("1","Int"),#token("128","Int"),#token("1040","Int"),#token("8","Int"),#token("1003","Int")),byte(#token("3","Int"),mi(#token("32","Int"),VX_MEM_32))),`_|->_`(symloc(#token("1","Int"),#token("128","Int"),#token("1040","Int"),#token("8","Int"),#token("1032","Int")),byte(#token("0","Int"),#token("64'-1","MInt"))),`_|->_`(symloc(#token("1","Int"),#token("128","Int"),#token("1040","Int"),#token("8","Int"),#token("1033","Int")),byte(#token("1","Int"),#token("64'-1","MInt"))),`_|->_`(symloc(#token("1","Int"),#token("128","Int"),#token("1040","Int"),#token("8","Int"),#token("1034","Int")),byte(#token("2","Int"),#token("64'-1","MInt"))),`_|->_`(symloc(#token("1","Int"),#token("128","Int"),#token("1040","Int"),#token("8","Int"),#token("1035","Int")),byte(#token("3","Int"),#token("64'-1","MInt"))),`_|->_`(symloc(#token("1","Int"),#token("128","Int"),#token("1040","Int"),#token("8","Int"),#token("1036","Int")),byte(#token("4","Int"),#token("64'-1","MInt"))),`_|->_`(symloc(#token("1","Int"),#token("128","Int"),#token("1040","Int"),#token("8","Int"),#token("1037","Int")),byte(#token("5","Int"),#token("64'-1","MInt"))),`_|->_`(symloc(#token("1","Int"),#token("128","Int"),#token("1040","Int"),#token("8","Int"),#token("1038","Int")),byte(#token("6","Int"),#token("64'-1","MInt"))),`_|->_`(symloc(#token("1","Int"),#token("128","Int"),#token("1040","Int"),#token("8","Int"),#token("1039","Int")),byte(#token("7","Int"),#token("64'-1","MInt")))))),`<freed>`(`.Set`(.KList))),`<stackbase>`(stackBaseInfo(symloc(#token("1","Int"),#token("128","Int"),#token("1040","Int"),#token("8","Int"),#token("0","Int")),#token("64'1032","MInt"))),`<robase>`(roBaseInfo(#EmptyK(.KList),#EmptyK(.KList),#EmptyK(.KList))),`<database>`(dataBaseInfo(#EmptyK(.KList),#EmptyK(.KList),#EmptyK(.KList))),`<bssbase>`(bssBaseInfo(#EmptyK(.KList),#EmptyK(.KList),#EmptyK(.KList))))),`<environment>`(`<argc>`(#EmptyK(.KList)),`<argv>`(#EmptyK(.KList))),`<regstate>`(`_Map_`(`_|->_`(#token("\"AF\"","String"),`undefMInt_MINT-WRAPPER-SYNTAX`(.KList)),`_|->_`(#token("\"CF\"","String"),extractMInt(lshrMInt(extractMInt(mi(#token("32","Int"),VX_MEM_32),#token("16","Int"),#token("24","Int")),#token("2","Int")),#token("7","Int"),#token("8","Int"))),`_|->_`(#token("\"OF\"","String"),`undefMInt_MINT-WRAPPER-SYNTAX`(.KList)),`_|->_`(#token("\"PF\"","String"),`undefMInt_MINT-WRAPPER-SYNTAX`(.KList)),`_|->_`(#token("\"RAX\"","String"),mi(#token("64","Int"),VX_RAX)),`_|->_`(#token("\"RBP\"","String"),ptr(symloc(#token("1","Int"),#token("128","Int"),#token("1040","Int"),#token("8","Int"),#token("0","Int")),#token("64'1032","MInt"))),`_|->_`(#token("\"RBX\"","String"),mi(#token("64","Int"),VX_RBX)),`_|->_`(#token("\"RCX\"","String"),mi(#token("64","Int"),VX_RCX)),`_|->_`(#token("\"RDI\"","String"),mi(#token("64","Int"),VX_RDI)),`_|->_`(#token("\"RDX\"","String"),mi(#token("64","Int"),VX_RDX)),`_|->_`(#token("\"RIP\"","String"),#token("64'18446744073709551615","MInt")),`_|->_`(#token("\"RSI\"","String"),mi(#token("64","Int"),VX_RSI)),`_|->_`(#token("\"RSP\"","String"),ptr(symloc(#token("1","Int"),#token("128","Int"),#token("1040","Int"),#token("8","Int"),#token("0","Int")),#token("64'1040","MInt"))),`_|->_`(#token("\"SF\"","String"),`undefMInt_MINT-WRAPPER-SYNTAX`(.KList)),`_|->_`(#token("\"YMM1\"","String"),mi(#token("256","Int"),VX_YMM1)),`_|->_`(#token("\"YMM2\"","String"),mi(#token("256","Int"),VX_YMM2)),`_|->_`(#token("\"ZF\"","String"),mi(#token("1","Int"),VX_ZF)))),_19,_20,_21,_22,_23)
[Warning] Internal: execution phase: missing SMTLib translation for mi . Please
re-run with the --debug-z3 flag. Search the logs starting with 'Z3 warning' to
see the Z3 implication that generated the warning. (missing SMTLib translation
for mi)
[Warning] Internal: execution phase: missing SMTLib translation for svalueMInt
. Please re-run with the --debug-z3 flag. Search the logs starting with 'Z3
warning' to see the Z3 implication that generated the warning. (missing SMTLib
translation for svalueMInt)
Command exited with non-zero status 1
798.70user 320.55system 10:58.73elapsed 169%CPU (0avgtext+0avgdata 26767384maxresident)k
0inputs+250608outputs (0major+19979896minor)pagefaults 0swaps
