Importing: Source(/home/ubuntu/Github/validating-binary-decompilation/tests/single_instruction_translation_validation/mcsema/memory-variants/cmovnol_r32_m32/././test-xspec.k)
Importing: Source(/home/ubuntu/Github/validating-binary-decompilation/tests/single_instruction_translation_validation/mcsema/memory-variants/cmovnol_r32_m32/test-xspec.k)
Parse spec modules [9/9 rules]                               =  0.018s
StateLog: /home/ubuntu/Github/X86-64-semantics/semantics/x86-semantics-kompiled/stateLog/prove-2044796696.log

Parsing finished:  637.544 s
Pre-processing rule:
rule too long...
	Source: /home/ubuntu/Github/validating-binary-decompilation/tests/single_instruction_translation_validation/mcsema/memory-variants/cmovnol_r32_m32/test-xspec.k Location(6,5,102,69)
==================================

Initialization finished
==================================
Stats for each phase, time, used memory, implicit main GC time percentage:
Total                 :  638.059 s,	 7613 MB, gc:  1.003 %
  Parsing             :  637.544 s,	 7421 MB, gc:  1.004 %
  Init                :    0.515 s,	 7613 MB, gc:  0.000 %

Init+Execution time:       0.515 s

  Time and top-level event counts:
  resolveFunctionAndAnywhere time  :    0.073 s,      #        418
    evaluateFunction time            :    0.057 s,      #        210
      builtin evaluation               :           ,      #        117
      function rule                    :           ,      #         12
      no rule applicable               :           ,      #         41
      no function rules                :           ,      #         40
    applyAnywhereRules time          :    0.000 s,      #         82
      no anywhere rules                :           ,      #         82
    remaining time & # cached        :    0.016 s,      #        126

  Recursive event counts:
  resolveFunctionAndAnywhere time  :           ,      #        340
    evaluateFunction time            :           ,      #         12
      builtin evaluation               :           ,      #          0
      function rule                    :           ,      #          0
      no rule applicable               :           ,      #          0
      no function rules                :           ,      #         12
    applyAnywhereRules time          :           ,      #          0
      no anywhere rules                :           ,      #          0
    # cached                         :           ,      #        328
==================================


Initial term
=====================

`<generatedTop>`(`<k>`(#token("fetchNoDBG","KItem")),`<functargets>`(`_|->_`(#token("_start","X86Id"),ptr(symloc(#token("-1","Int"),#token("0","Int"),#token("0","Int"),#token("0","Int"),#token("0","Int")),#token("64'0","MInt")))),`<rotargets>`(`.Map`(.KList)),`<datatargets>`(`.Map`(.KList)),`<bsstargets>`(`.Map`(.KList)),`<entrypoint>`(#EmptyK(.KList)),`<nextLocPc>`(_0),`<lastseenlabel>`(#EmptyK(.KList)),`<currentsection>`(#token("\"text\"","String")),`<memstate>`(`<text>`(code(`_Map_`(`_|->_`(ptr(symloc(#token("-1","Int"),#token("0","Int"),#token("0","Int"),#token("0","Int"),#token("0","Int")),#token("64'0","MInt")),storedInstr(`___X86-SYNTAX`(`cmovnol_X86-SYNTAX`(.KList),operandlist(`_(_)_X86-SYNTAX`(#token("-32","Int"),`%rbp_X86-SYNTAX`(.KList)),operandlist(`%ebx_X86-SYNTAX`(.KList),`.List{"operandlist"}`(.KList)))))),`_|->_`(ptr(symloc(#token("-1","Int"),#token("0","Int"),#token("0","Int"),#token("0","Int"),#token("0","Int")),#token("64'1","MInt")),storedInstr(`___X86-SYNTAX`(`ret_X86-SYNTAX`(.KList),`.List{"operandlist"}`(.KList))))))),`<stack>`(`<memory>`(`<nextLoc>`(#token("1","Int")),`<objects>`(mem(`_Map_`(`_|->_`(symloc(#token("1","Int"),#token("128","Int"),#token("1040","Int"),#token("8","Int"),#token("1000","Int")),byte(#token("0","Int"),mi(#token("32","Int"),VX_MEM_32))),`_|->_`(symloc(#token("1","Int"),#token("128","Int"),#token("1040","Int"),#token("8","Int"),#token("1001","Int")),byte(#token("1","Int"),mi(#token("32","Int"),VX_MEM_32))),`_|->_`(symloc(#token("1","Int"),#token("128","Int"),#token("1040","Int"),#token("8","Int"),#token("1002","Int")),byte(#token("2","Int"),mi(#token("32","Int"),VX_MEM_32))),`_|->_`(symloc(#token("1","Int"),#token("128","Int"),#token("1040","Int"),#token("8","Int"),#token("1003","Int")),byte(#token("3","Int"),mi(#token("32","Int"),VX_MEM_32))),`_|->_`(symloc(#token("1","Int"),#token("128","Int"),#token("1040","Int"),#token("8","Int"),#token("1032","Int")),byte(#token("0","Int"),#token("64'-1","MInt"))),`_|->_`(symloc(#token("1","Int"),#token("128","Int"),#token("1040","Int"),#token("8","Int"),#token("1033","Int")),byte(#token("1","Int"),#token("64'-1","MInt"))),`_|->_`(symloc(#token("1","Int"),#token("128","Int"),#token("1040","Int"),#token("8","Int"),#token("1034","Int")),byte(#token("2","Int"),#token("64'-1","MInt"))),`_|->_`(symloc(#token("1","Int"),#token("128","Int"),#token("1040","Int"),#token("8","Int"),#token("1035","Int")),byte(#token("3","Int"),#token("64'-1","MInt"))),`_|->_`(symloc(#token("1","Int"),#token("128","Int"),#token("1040","Int"),#token("8","Int"),#token("1036","Int")),byte(#token("4","Int"),#token("64'-1","MInt"))),`_|->_`(symloc(#token("1","Int"),#token("128","Int"),#token("1040","Int"),#token("8","Int"),#token("1037","Int")),byte(#token("5","Int"),#token("64'-1","MInt"))),`_|->_`(symloc(#token("1","Int"),#token("128","Int"),#token("1040","Int"),#token("8","Int"),#token("1038","Int")),byte(#token("6","Int"),#token("64'-1","MInt"))),`_|->_`(symloc(#token("1","Int"),#token("128","Int"),#token("1040","Int"),#token("8","Int"),#token("1039","Int")),byte(#token("7","Int"),#token("64'-1","MInt")))))),`<freed>`(`.Set`(.KList))),`<stackbase>`(stackBaseInfo(symloc(#token("1","Int"),#token("128","Int"),#token("1040","Int"),#token("8","Int"),#token("0","Int")),#token("64'1032","MInt"))),`<robase>`(roBaseInfo(#EmptyK(.KList),#EmptyK(.KList),#EmptyK(.KList))),`<database>`(dataBaseInfo(#EmptyK(.KList),#EmptyK(.KList),#EmptyK(.KList))),`<bssbase>`(bssBaseInfo(#EmptyK(.KList),#EmptyK(.KList),#EmptyK(.KList))))),`<environment>`(`<argc>`(#EmptyK(.KList)),`<argv>`(#EmptyK(.KList))),`<regstate>`(`_Map_`(`_|->_`(#token("\"AF\"","String"),mi(#token("1","Int"),VX_AF)),`_|->_`(#token("\"CF\"","String"),mi(#token("1","Int"),VX_CF)),`_|->_`(#token("\"OF\"","String"),mi(#token("1","Int"),VX_OF)),`_|->_`(#token("\"PF\"","String"),mi(#token("1","Int"),VX_PF)),`_|->_`(#token("\"RAX\"","String"),mi(#token("64","Int"),VX_RAX)),`_|->_`(#token("\"RBP\"","String"),ptr(symloc(#token("1","Int"),#token("128","Int"),#token("1040","Int"),#token("8","Int"),#token("0","Int")),#token("64'1032","MInt"))),`_|->_`(#token("\"RBX\"","String"),mi(#token("64","Int"),VX_RBX)),`_|->_`(#token("\"RCX\"","String"),mi(#token("64","Int"),VX_RCX)),`_|->_`(#token("\"RDI\"","String"),mi(#token("64","Int"),VX_RDI)),`_|->_`(#token("\"RDX\"","String"),mi(#token("64","Int"),VX_RDX)),`_|->_`(#token("\"RIP\"","String"),ptr(symloc(#token("-1","Int"),#token("0","Int"),#token("0","Int"),#token("0","Int"),#token("0","Int")),#token("64'0","MInt"))),`_|->_`(#token("\"RSI\"","String"),mi(#token("64","Int"),VX_RSI)),`_|->_`(#token("\"RSP\"","String"),ptr(symloc(#token("1","Int"),#token("128","Int"),#token("1040","Int"),#token("8","Int"),#token("0","Int")),#token("64'1032","MInt"))),`_|->_`(#token("\"SF\"","String"),mi(#token("1","Int"),VX_SF)),`_|->_`(#token("\"YMM1\"","String"),mi(#token("256","Int"),VX_YMM1)),`_|->_`(#token("\"YMM2\"","String"),mi(#token("256","Int"),VX_YMM2)),`_|->_`(#token("\"ZF\"","String"),mi(#token("1","Int"),VX_ZF)))),_19,_20,_21,_22,_23)
/\
#And(#And(#And(#And(#And(#And(#And(#And(#And(#And(#And(#And(#And(#And(#And(#And(#And(#And(#And(`_==K_`(`_orBool_`(`_==K_`(VX_AF,#token("0","Int")),`_==K_`(VX_AF,#token("1","Int"))),#token("true","Bool")),`_==K_`(`_orBool_`(`_==K_`(VX_CF,#token("0","Int")),`_==K_`(VX_CF,#token("1","Int"))),#token("true","Bool"))),`_==K_`(`_orBool_`(`_==K_`(VX_OF,#token("0","Int")),`_==K_`(VX_OF,#token("1","Int"))),#token("true","Bool"))),`_==K_`(`_orBool_`(`_==K_`(VX_PF,#token("0","Int")),`_==K_`(VX_PF,#token("1","Int"))),#token("true","Bool"))),`_==K_`(`_orBool_`(`_==K_`(VX_SF,#token("0","Int")),`_==K_`(VX_SF,#token("1","Int"))),#token("true","Bool"))),`_==K_`(`_orBool_`(`_==K_`(VX_ZF,#token("0","Int")),`_==K_`(VX_ZF,#token("1","Int"))),#token("true","Bool"))),`_==K_`(`_<Int_`(VX_MEM_32,#token("4294967296","Int")),#token("true","Bool"))),`_==K_`(`_>=Int_`(VX_MEM_32,#token("0","Int")),#token("true","Bool"))),`_==K_`(`_<Int_`(VX_RAX,#token("18446744073709551616","Int")),#token("true","Bool"))),`_==K_`(`_>=Int_`(VX_RAX,#token("0","Int")),#token("true","Bool"))),`_==K_`(`_<Int_`(VX_RBX,#token("18446744073709551616","Int")),#token("true","Bool"))),`_==K_`(`_>=Int_`(VX_RBX,#token("0","Int")),#token("true","Bool"))),`_==K_`(`_<Int_`(VX_RCX,#token("18446744073709551616","Int")),#token("true","Bool"))),`_==K_`(`_>=Int_`(VX_RCX,#token("0","Int")),#token("true","Bool"))),`_==K_`(`_<Int_`(VX_RDI,#token("18446744073709551616","Int")),#token("true","Bool"))),`_==K_`(`_>=Int_`(VX_RDI,#token("0","Int")),#token("true","Bool"))),`_==K_`(`_<Int_`(VX_RDX,#token("18446744073709551616","Int")),#token("true","Bool"))),`_==K_`(`_>=Int_`(VX_RDX,#token("0","Int")),#token("true","Bool"))),`_==K_`(`_<Int_`(VX_RSI,#token("18446744073709551616","Int")),#token("true","Bool"))),`_==K_`(`_>=Int_`(VX_RSI,#token("0","Int")),#token("true","Bool")))


Target term
=====================

`<generatedTop>`(`<k>`(`exit_0_X86-FETCH-EXECUTE`(.KList)),`<functargets>`(`_|->_`(#token("_start","X86Id"),ptr(symloc(#token("-1","Int"),#token("0","Int"),#token("0","Int"),#token("0","Int"),#token("0","Int")),#token("64'0","MInt")))),`<rotargets>`(`.Map`(.KList)),`<datatargets>`(`.Map`(.KList)),`<bsstargets>`(`.Map`(.KList)),`<entrypoint>`(#EmptyK(.KList)),`<nextLocPc>`(_0),`<lastseenlabel>`(#EmptyK(.KList)),`<currentsection>`(#token("\"text\"","String")),`<memstate>`(`<text>`(code(`_Map_`(`_|->_`(ptr(symloc(#token("-1","Int"),#token("0","Int"),#token("0","Int"),#token("0","Int"),#token("0","Int")),#token("64'0","MInt")),storedInstr(`___X86-SYNTAX`(`cmovnol_X86-SYNTAX`(.KList),operandlist(`_(_)_X86-SYNTAX`(#token("-32","Int"),`%rbp_X86-SYNTAX`(.KList)),operandlist(`%ebx_X86-SYNTAX`(.KList),`.List{"operandlist"}`(.KList)))))),`_|->_`(ptr(symloc(#token("-1","Int"),#token("0","Int"),#token("0","Int"),#token("0","Int"),#token("0","Int")),#token("64'1","MInt")),storedInstr(`___X86-SYNTAX`(`ret_X86-SYNTAX`(.KList),`.List{"operandlist"}`(.KList))))))),`<stack>`(`<memory>`(`<nextLoc>`(#token("1","Int")),`<objects>`(mem(`_Map_`(`_|->_`(symloc(#token("1","Int"),#token("128","Int"),#token("1040","Int"),#token("8","Int"),#token("1000","Int")),_15),`_|->_`(symloc(#token("1","Int"),#token("128","Int"),#token("1040","Int"),#token("8","Int"),#token("1001","Int")),_16),`_|->_`(symloc(#token("1","Int"),#token("128","Int"),#token("1040","Int"),#token("8","Int"),#token("1002","Int")),_17),`_|->_`(symloc(#token("1","Int"),#token("128","Int"),#token("1040","Int"),#token("8","Int"),#token("1003","Int")),_18),`_|->_`(symloc(#token("1","Int"),#token("128","Int"),#token("1040","Int"),#token("8","Int"),#token("1032","Int")),byte(#token("0","Int"),#token("64'-1","MInt"))),`_|->_`(symloc(#token("1","Int"),#token("128","Int"),#token("1040","Int"),#token("8","Int"),#token("1033","Int")),byte(#token("1","Int"),#token("64'-1","MInt"))),`_|->_`(symloc(#token("1","Int"),#token("128","Int"),#token("1040","Int"),#token("8","Int"),#token("1034","Int")),byte(#token("2","Int"),#token("64'-1","MInt"))),`_|->_`(symloc(#token("1","Int"),#token("128","Int"),#token("1040","Int"),#token("8","Int"),#token("1035","Int")),byte(#token("3","Int"),#token("64'-1","MInt"))),`_|->_`(symloc(#token("1","Int"),#token("128","Int"),#token("1040","Int"),#token("8","Int"),#token("1036","Int")),byte(#token("4","Int"),#token("64'-1","MInt"))),`_|->_`(symloc(#token("1","Int"),#token("128","Int"),#token("1040","Int"),#token("8","Int"),#token("1037","Int")),byte(#token("5","Int"),#token("64'-1","MInt"))),`_|->_`(symloc(#token("1","Int"),#token("128","Int"),#token("1040","Int"),#token("8","Int"),#token("1038","Int")),byte(#token("6","Int"),#token("64'-1","MInt"))),`_|->_`(symloc(#token("1","Int"),#token("128","Int"),#token("1040","Int"),#token("8","Int"),#token("1039","Int")),byte(#token("7","Int"),#token("64'-1","MInt")))))),`<freed>`(`.Set`(.KList))),`<stackbase>`(stackBaseInfo(symloc(#token("1","Int"),#token("128","Int"),#token("1040","Int"),#token("8","Int"),#token("0","Int")),#token("64'1032","MInt"))),`<robase>`(roBaseInfo(#EmptyK(.KList),#EmptyK(.KList),#EmptyK(.KList))),`<database>`(dataBaseInfo(#EmptyK(.KList),#EmptyK(.KList),#EmptyK(.KList))),`<bssbase>`(bssBaseInfo(#EmptyK(.KList),#EmptyK(.KList),#EmptyK(.KList))))),`<environment>`(`<argc>`(#EmptyK(.KList)),`<argv>`(#EmptyK(.KList))),`<regstate>`(`_Map_`(`_|->_`(#token("\"AF\"","String"),mi(#token("1","Int"),_7)),`_|->_`(#token("\"CF\"","String"),mi(#token("1","Int"),_8)),`_|->_`(#token("\"OF\"","String"),mi(#token("1","Int"),_9)),`_|->_`(#token("\"PF\"","String"),mi(#token("1","Int"),_10)),`_|->_`(#token("\"RAX\"","String"),mi(#token("64","Int"),_1)),`_|->_`(#token("\"RBP\"","String"),ptr(symloc(#token("1","Int"),#token("128","Int"),#token("1040","Int"),#token("8","Int"),#token("0","Int")),#token("64'1032","MInt"))),`_|->_`(#token("\"RBX\"","String"),mi(#token("64","Int"),_2)),`_|->_`(#token("\"RCX\"","String"),mi(#token("64","Int"),_3)),`_|->_`(#token("\"RDI\"","String"),mi(#token("64","Int"),_6)),`_|->_`(#token("\"RDX\"","String"),mi(#token("64","Int"),_4)),`_|->_`(#token("\"RIP\"","String"),#token("64'18446744073709551615","MInt")),`_|->_`(#token("\"RSI\"","String"),mi(#token("64","Int"),_5)),`_|->_`(#token("\"RSP\"","String"),ptr(symloc(#token("1","Int"),#token("128","Int"),#token("1040","Int"),#token("8","Int"),#token("0","Int")),#token("64'1040","MInt"))),`_|->_`(#token("\"SF\"","String"),mi(#token("1","Int"),_11)),`_|->_`(#token("\"YMM1\"","String"),mi(#token("256","Int"),_13)),`_|->_`(#token("\"YMM2\"","String"),mi(#token("256","Int"),_14)),`_|->_`(#token("\"ZF\"","String"),mi(#token("1","Int"),_12)))),_19,_20,_21,_22,_23)
/\
#True(.KList)


STEP 1 v1 :    1.920 s, 		 8957 MB, gc:  0.000 %
===================
`<memory>`(`<nextLoc>`(#token("1","Int")),`<objects>`(mem(`_Map_`(`_|->_`(symloc(#token("1","Int"),#token("128","Int"),#token("1040","Int"),#token("8","Int"),#token("1000","Int")),byte(#token("0","Int"),mi(#token("32","Int"),VX_MEM_32))),`_|->_`(symloc(#token("1","Int"),#token("128","Int"),#token("1040","Int"),#token("8","Int"),#token("1001","Int")),byte(#token("1","Int"),mi(#token("32","Int"),VX_MEM_32))),`_|->_`(symloc(#token("1","Int"),#token("128","Int"),#token("1040","Int"),#token("8","Int"),#token("1002","Int")),byte(#token("2","Int"),mi(#token("32","Int"),VX_MEM_32))),`_|->_`(symloc(#token("1","Int"),#token("128","Int"),#token("1040","Int"),#token("8","Int"),#token("1003","Int")),byte(#token("3","Int"),mi(#token("32","Int"),VX_MEM_32))),`_|->_`(symloc(#token("1","Int"),#token("128","Int"),#token("1040","Int"),#token("8","Int"),#token("1032","Int")),byte(#token("0","Int"),#token("64'-1","MInt"))),`_|->_`(symloc(#token("1","Int"),#token("128","Int"),#token("1040","Int"),#token("8","Int"),#token("1033","Int")),byte(#token("1","Int"),#token("64'-1","MInt"))),`_|->_`(symloc(#token("1","Int"),#token("128","Int"),#token("1040","Int"),#token("8","Int"),#token("1034","Int")),byte(#token("2","Int"),#token("64'-1","MInt"))),`_|->_`(symloc(#token("1","Int"),#token("128","Int"),#token("1040","Int"),#token("8","Int"),#token("1035","Int")),byte(#token("3","Int"),#token("64'-1","MInt"))),`_|->_`(symloc(#token("1","Int"),#token("128","Int"),#token("1040","Int"),#token("8","Int"),#token("1036","Int")),byte(#token("4","Int"),#token("64'-1","MInt"))),`_|->_`(symloc(#token("1","Int"),#token("128","Int"),#token("1040","Int"),#token("8","Int"),#token("1037","Int")),byte(#token("5","Int"),#token("64'-1","MInt"))),`_|->_`(symloc(#token("1","Int"),#token("128","Int"),#token("1040","Int"),#token("8","Int"),#token("1038","Int")),byte(#token("6","Int"),#token("64'-1","MInt"))),`_|->_`(symloc(#token("1","Int"),#token("128","Int"),#token("1040","Int"),#token("8","Int"),#token("1039","Int")),byte(#token("7","Int"),#token("64'-1","MInt")))))),`<freed>`(`.Set`(.KList)))

STEP 23 v1 :    2.753 s, 		 2202 MB, gc:  7.687 %
===================
`<memory>`(`<nextLoc>`(#token("1","Int")),`<objects>`(mem(`_Map_`(`_|->_`(symloc(#token("1","Int"),#token("128","Int"),#token("1040","Int"),#token("8","Int"),#token("1000","Int")),byte(#token("0","Int"),mi(#token("32","Int"),VX_MEM_32))),`_|->_`(symloc(#token("1","Int"),#token("128","Int"),#token("1040","Int"),#token("8","Int"),#token("1001","Int")),byte(#token("1","Int"),mi(#token("32","Int"),VX_MEM_32))),`_|->_`(symloc(#token("1","Int"),#token("128","Int"),#token("1040","Int"),#token("8","Int"),#token("1002","Int")),byte(#token("2","Int"),mi(#token("32","Int"),VX_MEM_32))),`_|->_`(symloc(#token("1","Int"),#token("128","Int"),#token("1040","Int"),#token("8","Int"),#token("1003","Int")),byte(#token("3","Int"),mi(#token("32","Int"),VX_MEM_32))),`_|->_`(symloc(#token("1","Int"),#token("128","Int"),#token("1040","Int"),#token("8","Int"),#token("1032","Int")),byte(#token("0","Int"),#token("64'-1","MInt"))),`_|->_`(symloc(#token("1","Int"),#token("128","Int"),#token("1040","Int"),#token("8","Int"),#token("1033","Int")),byte(#token("1","Int"),#token("64'-1","MInt"))),`_|->_`(symloc(#token("1","Int"),#token("128","Int"),#token("1040","Int"),#token("8","Int"),#token("1034","Int")),byte(#token("2","Int"),#token("64'-1","MInt"))),`_|->_`(symloc(#token("1","Int"),#token("128","Int"),#token("1040","Int"),#token("8","Int"),#token("1035","Int")),byte(#token("3","Int"),#token("64'-1","MInt"))),`_|->_`(symloc(#token("1","Int"),#token("128","Int"),#token("1040","Int"),#token("8","Int"),#token("1036","Int")),byte(#token("4","Int"),#token("64'-1","MInt"))),`_|->_`(symloc(#token("1","Int"),#token("128","Int"),#token("1040","Int"),#token("8","Int"),#token("1037","Int")),byte(#token("5","Int"),#token("64'-1","MInt"))),`_|->_`(symloc(#token("1","Int"),#token("128","Int"),#token("1040","Int"),#token("8","Int"),#token("1038","Int")),byte(#token("6","Int"),#token("64'-1","MInt"))),`_|->_`(symloc(#token("1","Int"),#token("128","Int"),#token("1040","Int"),#token("8","Int"),#token("1039","Int")),byte(#token("7","Int"),#token("64'-1","MInt")))))),`<freed>`(`.Set`(.KList)))

Step above: 23, evaluation ended with no successors.

SPEC FAILED: /home/ubuntu/Github/validating-binary-decompilation/tests/single_instruction_translation_validation/mcsema/memory-variants/cmovnol_r32_m32/test-xspec.k Location(6,5,102,69)
==================================
Success execution paths: 0
Failed execution paths: 1
Longest path: 23 steps
Stats for each phase, time, used memory, implicit main GC time percentage:
Total                 :  641.350 s,	 2586 MB, gc:  1.008 %
  Parsing             :  637.544 s,	 7421 MB, gc:  1.004 %
  Init                :    0.515 s,	 7613 MB, gc:  0.000 %
  Execution           :    3.291 s,	 2586 MB, gc:  1.945 %

Init+Execution time:       3.806 s
  query build time                 :    0.007 s,      #          9

  Time and top-level event counts:
  resolveFunctionAndAnywhere time  :    0.170 s,      #        900
    evaluateFunction time            :    0.148 s,      #        444
      builtin evaluation               :           ,      #        160
      function rule                    :           ,      #         47
      sort predicate                   :           ,      #          6
      no rule applicable               :           ,      #        137
      no function rules                :           ,      #         94
    applyAnywhereRules time          :    0.001 s,      #        194
      no anywhere rules                :           ,      #        194
    remaining time & # cached        :    0.021 s,      #        262
  log time                         :    1.050 s,      #         24
  impliesSMT time                  :    0.008 s,      #         15

  Recursive event counts:
  resolveFunctionAndAnywhere time  :           ,      #       1119
    evaluateFunction time            :           ,      #        374
      builtin evaluation               :           ,      #        191
      function rule                    :           ,      #        140
      sort predicate                   :           ,      #          0
      no rule applicable               :           ,      #         16
      no function rules                :           ,      #         24
    applyAnywhereRules time          :           ,      #         28
      no anywhere rules                :           ,      #         28
    # cached                         :           ,      #        717

Max memory : 262144 MB
==================================

`<generatedTop>`(`<k>`(`exit_0_X86-FETCH-EXECUTE`(.KList)),`<functargets>`(`_|->_`(#token("_start","X86Id"),ptr(symloc(#token("-1","Int"),#token("0","Int"),#token("0","Int"),#token("0","Int"),#token("0","Int")),#token("64'0","MInt")))),`<rotargets>`(`.Map`(.KList)),`<datatargets>`(`.Map`(.KList)),`<bsstargets>`(`.Map`(.KList)),`<entrypoint>`(#EmptyK(.KList)),`<nextLocPc>`(_0),`<lastseenlabel>`(#EmptyK(.KList)),`<currentsection>`(#token("\"text\"","String")),`<memstate>`(`<text>`(code(`_Map_`(`_|->_`(ptr(symloc(#token("-1","Int"),#token("0","Int"),#token("0","Int"),#token("0","Int"),#token("0","Int")),#token("64'0","MInt")),storedInstr(`___X86-SYNTAX`(`cmovnol_X86-SYNTAX`(.KList),operandlist(`_(_)_X86-SYNTAX`(#token("-32","Int"),`%rbp_X86-SYNTAX`(.KList)),operandlist(`%ebx_X86-SYNTAX`(.KList),`.List{"operandlist"}`(.KList)))))),`_|->_`(ptr(symloc(#token("-1","Int"),#token("0","Int"),#token("0","Int"),#token("0","Int"),#token("0","Int")),#token("64'1","MInt")),storedInstr(`___X86-SYNTAX`(`ret_X86-SYNTAX`(.KList),`.List{"operandlist"}`(.KList))))))),`<stack>`(`<memory>`(`<nextLoc>`(#token("1","Int")),`<objects>`(mem(`_Map_`(`_|->_`(symloc(#token("1","Int"),#token("128","Int"),#token("1040","Int"),#token("8","Int"),#token("1000","Int")),byte(#token("0","Int"),mi(#token("32","Int"),VX_MEM_32))),`_|->_`(symloc(#token("1","Int"),#token("128","Int"),#token("1040","Int"),#token("8","Int"),#token("1001","Int")),byte(#token("1","Int"),mi(#token("32","Int"),VX_MEM_32))),`_|->_`(symloc(#token("1","Int"),#token("128","Int"),#token("1040","Int"),#token("8","Int"),#token("1002","Int")),byte(#token("2","Int"),mi(#token("32","Int"),VX_MEM_32))),`_|->_`(symloc(#token("1","Int"),#token("128","Int"),#token("1040","Int"),#token("8","Int"),#token("1003","Int")),byte(#token("3","Int"),mi(#token("32","Int"),VX_MEM_32))),`_|->_`(symloc(#token("1","Int"),#token("128","Int"),#token("1040","Int"),#token("8","Int"),#token("1032","Int")),byte(#token("0","Int"),#token("64'-1","MInt"))),`_|->_`(symloc(#token("1","Int"),#token("128","Int"),#token("1040","Int"),#token("8","Int"),#token("1033","Int")),byte(#token("1","Int"),#token("64'-1","MInt"))),`_|->_`(symloc(#token("1","Int"),#token("128","Int"),#token("1040","Int"),#token("8","Int"),#token("1034","Int")),byte(#token("2","Int"),#token("64'-1","MInt"))),`_|->_`(symloc(#token("1","Int"),#token("128","Int"),#token("1040","Int"),#token("8","Int"),#token("1035","Int")),byte(#token("3","Int"),#token("64'-1","MInt"))),`_|->_`(symloc(#token("1","Int"),#token("128","Int"),#token("1040","Int"),#token("8","Int"),#token("1036","Int")),byte(#token("4","Int"),#token("64'-1","MInt"))),`_|->_`(symloc(#token("1","Int"),#token("128","Int"),#token("1040","Int"),#token("8","Int"),#token("1037","Int")),byte(#token("5","Int"),#token("64'-1","MInt"))),`_|->_`(symloc(#token("1","Int"),#token("128","Int"),#token("1040","Int"),#token("8","Int"),#token("1038","Int")),byte(#token("6","Int"),#token("64'-1","MInt"))),`_|->_`(symloc(#token("1","Int"),#token("128","Int"),#token("1040","Int"),#token("8","Int"),#token("1039","Int")),byte(#token("7","Int"),#token("64'-1","MInt")))))),`<freed>`(`.Set`(.KList))),`<stackbase>`(stackBaseInfo(symloc(#token("1","Int"),#token("128","Int"),#token("1040","Int"),#token("8","Int"),#token("0","Int")),#token("64'1032","MInt"))),`<robase>`(roBaseInfo(#EmptyK(.KList),#EmptyK(.KList),#EmptyK(.KList))),`<database>`(dataBaseInfo(#EmptyK(.KList),#EmptyK(.KList),#EmptyK(.KList))),`<bssbase>`(bssBaseInfo(#EmptyK(.KList),#EmptyK(.KList),#EmptyK(.KList))))),`<environment>`(`<argc>`(#EmptyK(.KList)),`<argv>`(#EmptyK(.KList))),`<regstate>`(`_Map_`(`_|->_`(#token("\"AF\"","String"),mi(#token("1","Int"),VX_AF)),`_|->_`(#token("\"CF\"","String"),mi(#token("1","Int"),VX_CF)),`_|->_`(#token("\"OF\"","String"),mi(#token("1","Int"),VX_OF)),`_|->_`(#token("\"PF\"","String"),mi(#token("1","Int"),VX_PF)),`_|->_`(#token("\"RAX\"","String"),mi(#token("64","Int"),VX_RAX)),`_|->_`(#token("\"RBP\"","String"),ptr(symloc(#token("1","Int"),#token("128","Int"),#token("1040","Int"),#token("8","Int"),#token("0","Int")),#token("64'1032","MInt"))),`_|->_`(#token("\"RBX\"","String"),concatenateMInt(#token("32'0","MInt"),`#ifMInt_#then_#else_#fi_MINT-WRAPPER-SYNTAX`(`notBool_`(eqMInt(mi(#token("1","Int"),VX_OF),#token("1'1","MInt"))),mi(#token("32","Int"),VX_MEM_32),extractMInt(mi(#token("64","Int"),VX_RBX),#token("32","Int"),#token("64","Int"))))),`_|->_`(#token("\"RCX\"","String"),mi(#token("64","Int"),VX_RCX)),`_|->_`(#token("\"RDI\"","String"),mi(#token("64","Int"),VX_RDI)),`_|->_`(#token("\"RDX\"","String"),mi(#token("64","Int"),VX_RDX)),`_|->_`(#token("\"RIP\"","String"),#token("64'18446744073709551615","MInt")),`_|->_`(#token("\"RSI\"","String"),mi(#token("64","Int"),VX_RSI)),`_|->_`(#token("\"RSP\"","String"),ptr(symloc(#token("1","Int"),#token("128","Int"),#token("1040","Int"),#token("8","Int"),#token("0","Int")),#token("64'1040","MInt"))),`_|->_`(#token("\"SF\"","String"),mi(#token("1","Int"),VX_SF)),`_|->_`(#token("\"YMM1\"","String"),mi(#token("256","Int"),VX_YMM1)),`_|->_`(#token("\"YMM2\"","String"),mi(#token("256","Int"),VX_YMM2)),`_|->_`(#token("\"ZF\"","String"),mi(#token("1","Int"),VX_ZF)))),_19,_20,_21,_22,_23)
[Warning] Internal: execution phase: missing SMTLib translation for mi . Please
re-run with the --debug-z3 flag. Search the logs starting with 'Z3 warning' to
see the Z3 implication that generated the warning. (missing SMTLib translation
for mi)
Command exited with non-zero status 1
820.12user 140.91system 10:43.56elapsed 149%CPU (0avgtext+0avgdata 13064248maxresident)k
0inputs+250600outputs (0major+23208050minor)pagefaults 0swaps
