[Error] Critical: Parser returned a non-zero exit code: 113
Stdout:

Stderr:
[Error] Inner Parser: Scanner error: unexpected character sequence 'a'.
	Source(/home/ubuntu/Github/validating-binary-decompilation/tests/single_instruction_translation_validation/mcsema/register-variants/imulb_r8/./llvm-kast.test.mod.ll.RNBvzfyL)
	Location(1,14634,1,14635)
Command exited with non-zero status 113
31.30user 11.15system 0:23.92elapsed 177%CPU (0avgtext+0avgdata 530376maxresident)k
0inputs+4888outputs (0major+460376minor)pagefaults 0swaps
