/home/ubuntu/Install/llvm/llvm.4.0.0.install//bin/opt: test.mod.ll:191:13: error: use of undefined value '@my.lifetime.end'
  call void @my.lifetime.end(i64 16, i8* nonnull %13)
            ^
0.02user 0.01system 0:00.03elapsed 100%CPU (0avgtext+0avgdata 27816maxresident)k
0inputs+16outputs (0major+3278minor)pagefaults 0swaps
