/home/ubuntu/Install/llvm/llvm.4.0.0.install//bin/opt: test.mod.ll:206:13: error: use of undefined value '@my.lifetime.end'
  call void @my.lifetime.end(i64 16, i8* nonnull %17)
            ^
0.03user 0.03system 0:00.17elapsed 36%CPU (0avgtext+0avgdata 27388maxresident)k
0inputs+16outputs (0major+3271minor)pagefaults 0swaps
