/home/ubuntu/Github/llvm-verified-backend/scripts/kli: line 84: 47057 Aborted                 (core dumped) $OPT $OPT_FLAGS -print-kast-module $file > /dev/null 2> $kastfile
llvmmodule(dataLayout(layout(intLayout,64,64) layout(fpLayout,80,128) ),typeSpecification(localID(%struct.Memory),tStruct(tInt(64) )) typeSpecification(localID(%struct.State),tStruct(tIdentifiedStruct(localID(%struct.ArchState)) tArray(32,tIdentifiedStruct(localID(%union.VectorReg))) tIdentifiedStruct(localID(%struct.ArithFlags)) tIdentifiedStruct(localID(%union.anon)) tIdentifiedStruct(localID(%struct.Segments)) tIdentifiedStruct(localID(%struct.AddressSpace)) tIdentifiedStruct(localID(%struct.GPR)) tIdentifiedStruct(localID(%struct.X87Stack)) tIdentifiedStruct(localID(%struct.MMX)) tIdentifiedStruct(localID(%struct.FPUStatusFlags)) tIdentifiedStruct(localID(%union.anon)) tIdentifiedStruct(localID(%union.FPU)) tIdentifiedStruct(localID(%struct.SegmentCaches)) )) typeSpecification(localID(%struct.ArchState),tStruct(tInt(32) tInt(32) tIdentifiedStruct(localID(%union.anon)) )) typeSpecification(localID(%union.VectorReg),tStruct(tIdentifiedStruct(localID(%union.vec512_t)) )) typeSpecification(localID(%union.vec512_t),tStruct(tIdentifiedStruct(localID(%struct.uint64v8_t)) )) typeSpecification(localID(%struct.uint64v8_t),tStruct(tArray(8,tInt(64)) )) typeSpecification(localID(%struct.ArithFlags),tStruct(tInt(8) tInt(8) tInt(8) tInt(8) tInt(8) tInt(8) tInt(8) tInt(8) tInt(8) tInt(8) tInt(8) tInt(8) tInt(8) tInt(8) tInt(8) tInt(8) )) typeSpecification(localID(%struct.Segments),tStruct(tInt(16) tIdentifiedStruct(localID(%union.SegmentSelector)) tInt(16) tIdentifiedStruct(localID(%union.SegmentSelector)) tInt(16) tIdentifiedStruct(localID(%union.SegmentSelector)) tInt(16) tIdentifiedStruct(localID(%union.SegmentSelector)) tInt(16) tIdentifiedStruct(localID(%union.SegmentSelector)) tInt(16) tIdentifiedStruct(localID(%union.SegmentSelector)) )) typeSpecification(localID(%union.SegmentSelector),tStruct(tInt(16) )) typeSpecification(localID(%struct.AddressSpace),tStruct(tInt(64) tIdentifiedStruct(localID(%struct.Reg)) tInt(64) tIdentifiedStruct(localID(%struct.Reg)) tInt(64) tIdentifiedStruct(localID(%struct.Reg)) tInt(64) tIdentifiedStruct(localID(%struct.Reg)) tInt(64) tIdentifiedStruct(localID(%struct.Reg)) tInt(64) tIdentifiedStruct(localID(%struct.Reg)) )) typeSpecification(localID(%struct.Reg),tStruct(tIdentifiedStruct(localID(%union.anon)) )) typeSpecification(localID(%struct.GPR),tStruct(tInt(64) tIdentifiedStruct(localID(%struct.Reg)) tInt(64) tIdentifiedStruct(localID(%struct.Reg)) tInt(64) tIdentifiedStruct(localID(%struct.Reg)) tInt(64) tIdentifiedStruct(localID(%struct.Reg)) tInt(64) tIdentifiedStruct(localID(%struct.Reg)) tInt(64) tIdentifiedStruct(localID(%struct.Reg)) tInt(64) tIdentifiedStruct(localID(%struct.Reg)) tInt(64) tIdentifiedStruct(localID(%struct.Reg)) tInt(64) tIdentifiedStruct(localID(%struct.Reg)) tInt(64) tIdentifiedStruct(localID(%struct.Reg)) tInt(64) tIdentifiedStruct(localID(%struct.Reg)) tInt(64) tIdentifiedStruct(localID(%struct.Reg)) tInt(64) tIdentifiedStruct(localID(%struct.Reg)) tInt(64) tIdentifiedStruct(localID(%struct.Reg)) tInt(64) tIdentifiedStruct(localID(%struct.Reg)) tInt(64) tIdentifiedStruct(localID(%struct.Reg)) tInt(64) tIdentifiedStruct(localID(%struct.Reg)) )) typeSpecification(localID(%struct.X87Stack),tStruct(tArray(8,tIdentifiedStruct(localID(%struct.anon.3))) )) typeSpecification(localID(%struct.anon.3),tStruct(tInt(64) tDouble )) typeSpecification(localID(%struct.MMX),tStruct(tArray(8,tIdentifiedStruct(localID(%struct.anon.4))) )) typeSpecification(localID(%struct.anon.4),tStruct(tInt(64) tIdentifiedStruct(localID(%union.vec64_t)) )) typeSpecification(localID(%union.vec64_t),tStruct(tIdentifiedStruct(localID(%struct.uint64v1_t)) )) typeSpecification(localID(%struct.uint64v1_t),tStruct(tArray(1,tInt(64)) )) typeSpecification(localID(%struct.FPUStatusFlags),tStruct(tInt(8) tInt(8) tInt(8) tInt(8) tInt(8) tInt(8) tInt(8) tInt(8) tInt(8) tInt(8) tInt(8) tInt(8) tInt(8) tInt(8) tInt(8) tInt(8) tInt(8) tInt(8) tInt(8) tInt(8) tArray(4,tInt(8)) )) typeSpecification(localID(%union.anon),tStruct(tInt(64) )) typeSpecification(localID(%union.FPU),tStruct(tIdentifiedStruct(localID(%struct.anon.13)) )) typeSpecification(localID(%struct.anon.13),tStruct(tIdentifiedStruct(localID(%struct.FpuFXSAVE)) tArray(96,tInt(8)) )) typeSpecification(localID(%struct.FpuFXSAVE),tStruct(tIdentifiedStruct(localID(%union.SegmentSelector)) tIdentifiedStruct(localID(%union.SegmentSelector)) tIdentifiedStruct(localID(%union.FPUAbridgedTagWord)) tInt(8) tInt(16) tInt(32) tIdentifiedStruct(localID(%union.SegmentSelector)) tInt(16) tInt(32) tIdentifiedStruct(localID(%union.SegmentSelector)) tInt(16) tIdentifiedStruct(localID(%union.FPUControlStatus)) tIdentifiedStruct(localID(%union.FPUControlStatus)) tArray(8,tIdentifiedStruct(localID(%struct.FPUStackElem))) tArray(16,tIdentifiedStruct(localID(%union.vec128_t))) )) typeSpecification(localID(%union.FPUAbridgedTagWord),tStruct(tInt(8) )) typeSpecification(localID(%union.FPUControlStatus),tStruct(tInt(32) )) typeSpecification(localID(%struct.FPUStackElem),tStruct(tIdentifiedStruct(localID(%union.anon.11)) tArray(6,tInt(8)) )) typeSpecification(localID(%union.anon.11),tStruct(tIdentifiedStruct(localID(%struct.float80_t)) )) typeSpecification(localID(%struct.float80_t),tStruct(tArray(10,tInt(8)) )) typeSpecification(localID(%union.vec128_t),tStruct(tIdentifiedStruct(localID(%struct.uint128v1_t)) )) typeSpecification(localID(%struct.uint128v1_t),tStruct(tArray(1,tInt(128)) )) typeSpecification(localID(%struct.SegmentCaches),tStruct(tIdentifiedStruct(localID(%struct.SegmentShadow)) tIdentifiedStruct(localID(%struct.SegmentShadow)) tIdentifiedStruct(localID(%struct.SegmentShadow)) tIdentifiedStruct(localID(%struct.SegmentShadow)) tIdentifiedStruct(localID(%struct.SegmentShadow)) tIdentifiedStruct(localID(%struct.SegmentShadow)) )) typeSpecification(localID(%struct.SegmentShadow),tStruct(tIdentifiedStruct(localID(%union.anon)) tInt(32) tInt(32) )) typeSpecification(localID(%class.std__bitset),tStruct(tIdentifiedStruct(localID(%struct.uint64v4_t)) )) typeSpecification(localID(%struct.uint64v4_t),tStruct(tArray(4,tInt(64)) )) ,,,,defineFunction(globalID(@my.ctpop.i32),tInt(32),parameter(tInt(32),localID(%x)) ,false,ccc,localID(%and) localID(%shr123) localID(%and1) localID(%shr2124) localID(%and3) localID(%shr5125) localID(%and6) localID(%shr8126) localID(%and9) localID(%shr11127) localID(%and12) localID(%shr14128) localID(%and15) localID(%shr17129) localID(%and18) localID(%shr20130) localID(%and21) localID(%shr23131) localID(%and24) localID(%shr26132) localID(%and27) localID(%shr29133) localID(%and30) localID(%shr32134) localID(%and33) localID(%shr35135) localID(%and36) localID(%shr38136) localID(%and39) localID(%shr41137) localID(%and42) localID(%shr44138) localID(%and45) localID(%shr47139) localID(%and48) localID(%shr50140) localID(%and51) localID(%shr53141) localID(%and54) localID(%shr56142) localID(%and57) localID(%shr59143) localID(%and60) localID(%shr62144) localID(%and63) localID(%shr65145) localID(%and66) localID(%shr68146) localID(%and69) localID(%shr71147) localID(%and72) localID(%shr74148) localID(%and75) localID(%shr77149) localID(%and78) localID(%shr80150) localID(%and81) localID(%shr83151) localID(%and84) localID(%shr86152) localID(%and87) localID(%shr89153) localID(%add) localID(%add4) localID(%add7) localID(%add10) localID(%add13) localID(%add16) localID(%add19) localID(%add22) localID(%add25) localID(%add28) localID(%add31) localID(%add34) localID(%add37) localID(%add40) localID(%add43) localID(%add46) localID(%add49) localID(%add52) localID(%add55) localID(%add58) localID(%add61) localID(%add64) localID(%add67) localID(%add70) localID(%add73) localID(%add76) localID(%add79) localID(%add82) localID(%add85) localID(%add88) localID(%add91) ,bb(localID(%entry),and(localID(%and),tInt(32),localID(%x),1) lshr(localID(%shr123),rounded,tInt(32),localID(%x),1) and(localID(%and1),tInt(32),localID(%shr123),1) lshr(localID(%shr2124),rounded,tInt(32),localID(%x),2) and(localID(%and3),tInt(32),localID(%shr2124),1) lshr(localID(%shr5125),rounded,tInt(32),localID(%x),3) and(localID(%and6),tInt(32),localID(%shr5125),1) lshr(localID(%shr8126),rounded,tInt(32),localID(%x),4) and(localID(%and9),tInt(32),localID(%shr8126),1) lshr(localID(%shr11127),rounded,tInt(32),localID(%x),5) and(localID(%and12),tInt(32),localID(%shr11127),1) lshr(localID(%shr14128),rounded,tInt(32),localID(%x),6) and(localID(%and15),tInt(32),localID(%shr14128),1) lshr(localID(%shr17129),rounded,tInt(32),localID(%x),7) and(localID(%and18),tInt(32),localID(%shr17129),1) lshr(localID(%shr20130),rounded,tInt(32),localID(%x),8) and(localID(%and21),tInt(32),localID(%shr20130),1) lshr(localID(%shr23131),rounded,tInt(32),localID(%x),9) and(localID(%and24),tInt(32),localID(%shr23131),1) lshr(localID(%shr26132),rounded,tInt(32),localID(%x),10) and(localID(%and27),tInt(32),localID(%shr26132),1) lshr(localID(%shr29133),rounded,tInt(32),localID(%x),11) and(localID(%and30),tInt(32),localID(%shr29133),1) lshr(localID(%shr32134),rounded,tInt(32),localID(%x),12) and(localID(%and33),tInt(32),localID(%shr32134),1) lshr(localID(%shr35135),rounded,tInt(32),localID(%x),13) and(localID(%and36),tInt(32),localID(%shr35135),1) lshr(localID(%shr38136),rounded,tInt(32),localID(%x),14) and(localID(%and39),tInt(32),localID(%shr38136),1) lshr(localID(%shr41137),rounded,tInt(32),localID(%x),15) and(localID(%and42),tInt(32),localID(%shr41137),1) lshr(localID(%shr44138),rounded,tInt(32),localID(%x),16) and(localID(%and45),tInt(32),localID(%shr44138),1) lshr(localID(%shr47139),rounded,tInt(32),localID(%x),17) and(localID(%and48),tInt(32),localID(%shr47139),1) lshr(localID(%shr50140),rounded,tInt(32),localID(%x),18) and(localID(%and51),tInt(32),localID(%shr50140),1) lshr(localID(%shr53141),rounded,tInt(32),localID(%x),19) and(localID(%and54),tInt(32),localID(%shr53141),1) lshr(localID(%shr56142),rounded,tInt(32),localID(%x),20) and(localID(%and57),tInt(32),localID(%shr56142),1) lshr(localID(%shr59143),rounded,tInt(32),localID(%x),21) and(localID(%and60),tInt(32),localID(%shr59143),1) lshr(localID(%shr62144),rounded,tInt(32),localID(%x),22) and(localID(%and63),tInt(32),localID(%shr62144),1) lshr(localID(%shr65145),rounded,tInt(32),localID(%x),23) and(localID(%and66),tInt(32),localID(%shr65145),1) lshr(localID(%shr68146),rounded,tInt(32),localID(%x),24) and(localID(%and69),tInt(32),localID(%shr68146),1) lshr(localID(%shr71147),rounded,tInt(32),localID(%x),25) and(localID(%and72),tInt(32),localID(%shr71147),1) lshr(localID(%shr74148),rounded,tInt(32),localID(%x),26) and(localID(%and75),tInt(32),localID(%shr74148),1) lshr(localID(%shr77149),rounded,tInt(32),localID(%x),27) and(localID(%and78),tInt(32),localID(%shr77149),1) lshr(localID(%shr80150),rounded,tInt(32),localID(%x),28) and(localID(%and81),tInt(32),localID(%shr80150),1) lshr(localID(%shr83151),rounded,tInt(32),localID(%x),29) and(localID(%and84),tInt(32),localID(%shr83151),1) lshr(localID(%shr86152),rounded,tInt(32),localID(%x),30) and(localID(%and87),tInt(32),localID(%shr86152),1) lshr(localID(%shr89153),rounded,tInt(32),localID(%x),31) add(localID(%add),uw,tInt(32),localID(%shr89153),localID(%and)) add(localID(%add4),uw,tInt(32),localID(%add),localID(%and1)) add(localID(%add7),uw,tInt(32),localID(%add4),localID(%and3)) add(localID(%add10),uw,tInt(32),localID(%add7),localID(%and6)) add(localID(%add13),uw,tInt(32),localID(%add10),localID(%and9)) add(localID(%add16),uw,tInt(32),localID(%add13),localID(%and12)) add(localID(%add19),uw,tInt(32),localID(%add16),localID(%and15)) add(localID(%add22),uw,tInt(32),localID(%add19),localID(%and18)) add(localID(%add25),uw,tInt(32),localID(%add22),localID(%and21)) add(localID(%add28),uw,tInt(32),localID(%add25),localID(%and24)) add(localID(%add31),uw,tInt(32),localID(%add28),localID(%and27)) add(localID(%add34),uw,tInt(32),localID(%add31),localID(%and30)) add(localID(%add37),uw,tInt(32),localID(%add34),localID(%and33)) add(localID(%add40),uw,tInt(32),localID(%add37),localID(%and36)) add(localID(%add43),uw,tInt(32),localID(%add40),localID(%and39)) add(localID(%add46),uw,tInt(32),localID(%add43),localID(%and42)) add(localID(%add49),uw,tInt(32),localID(%add46),localID(%and45)) add(localID(%add52),uw,tInt(32),localID(%add49),localID(%and48)) add(localID(%add55),uw,tInt(32),localID(%add52),localID(%and51)) add(localID(%add58),uw,tInt(32),localID(%add55),localID(%and54)) add(localID(%add61),uw,tInt(32),localID(%add58),localID(%and57)) add(localID(%add64),uw,tInt(32),localID(%add61),localID(%and60)) add(localID(%add67),uw,tInt(32),localID(%add64),localID(%and63)) add(localID(%add70),uw,tInt(32),localID(%add67),localID(%and66)) add(localID(%add73),uw,tInt(32),localID(%add70),localID(%and69)) add(localID(%add76),uw,tInt(32),localID(%add73),localID(%and72)) add(localID(%add79),uw,tInt(32),localID(%add76),localID(%and75)) add(localID(%add82),uw,tInt(32),localID(%add79),localID(%and78)) add(localID(%add85),uw,tInt(32),localID(%add82),localID(%and81)) add(localID(%add88),uw,tInt(32),localID(%add85),localID(%and84)) add(localID(%add91),uw,tInt(32),localID(%add88),localID(%and87)) ,ret(tInt(32),localID(%add91))) ) defineFunction(globalID(@__remill_atomic_begin),tPtr(tIdentifiedStruct(localID(%struct.Memory))),parameter(tPtr(tIdentifiedStruct(localID(%struct.Memory))),localID(%0)) ,false,ccc,,bb(localID(%1),,ret(tPtr(tIdentifiedStruct(localID(%struct.Memory))),localID(%0))) ) defineFunction(globalID(@__remill_atomic_end),tPtr(tIdentifiedStruct(localID(%struct.Memory))),parameter(tPtr(tIdentifiedStruct(localID(%struct.Memory))),localID(%0)) ,false,ccc,,bb(localID(%1),,ret(tPtr(tIdentifiedStruct(localID(%struct.Memory))),localID(%0))) ) defineFunction(globalID(@_ZN12_GLOBAL__N_1L3PORI3VnWI8vec256_tE2VnI8vec128_tES6_EEP6MemoryS8_R5StateT_T0_T1_),tPtr(tIdentifiedStruct(localID(%struct.Memory))),parameter(tPtr(tIdentifiedStruct(localID(%struct.Memory))),localID(%0)) parameter(tPtr(tIdentifiedStruct(localID(%struct.State))),localID(%1)) parameter(tPtr(tInt(8)),localID(%2)) parameter(tPtr(tInt(8)),localID(%3)) parameter(tPtr(tInt(8)),localID(%4)) ,false,ccc,localID(%6) localID(%7) localID(%8) localID(%9) localID(%10) localID(%11) localID(%12) localID(%13) localID(%14) localID(%15) localID(%16) localID(%17) localID(%18) localID(%19) localID(%20) localID(%21) localID(%22) localID(%23) localID(%24) localID(%25) localID(%26) localID(%27) localID(%28) localID(%29) localID(%30) localID(%31) localID(%32) ,bb(localID(%5),bitcast(localID(%6),tPtr(tInt(8)),localID(%3),tPtr(tInt(64))) load(localID(%7),tInt(64),localID(%6),align(1)) getelementptr(localID(%8),inbounds,tInt(8),localID(%3),gepIndex(tInt(64),8) ) bitcast(localID(%9),tPtr(tInt(8)),localID(%8),tPtr(tInt(64))) load(localID(%10),tInt(64),localID(%9),align(1)) bitcast(localID(%11),tPtr(tInt(8)),localID(%4),tPtr(tInt(64))) load(localID(%12),tInt(64),localID(%11),align(1)) getelementptr(localID(%13),inbounds,tInt(8),localID(%4),gepIndex(tInt(64),8) ) bitcast(localID(%14),tPtr(tInt(8)),localID(%13),tPtr(tInt(64))) load(localID(%15),tInt(64),localID(%14),align(1)) or(localID(%16),tInt(64),localID(%12),localID(%7)) or(localID(%17),tInt(64),localID(%15),localID(%10)) trunc(localID(%18),tInt(64),localID(%16),tInt(32)) lshr(localID(%19),rounded,tInt(64),localID(%16),32) trunc(localID(%20),tInt(64),localID(%19),tInt(32)) bitcast(localID(%21),tPtr(tInt(8)),localID(%2),tPtr(tInt(32))) store(tInt(32),localID(%18),localID(%21),align(1)) getelementptr(localID(%22),inbounds,tInt(8),localID(%2),gepIndex(tInt(64),4) ) bitcast(localID(%23),tPtr(tInt(8)),localID(%22),tPtr(tInt(32))) store(tInt(32),localID(%20),localID(%23),align(1)) trunc(localID(%24),tInt(64),localID(%17),tInt(32)) getelementptr(localID(%25),inbounds,tInt(8),localID(%2),gepIndex(tInt(64),8) ) bitcast(localID(%26),tPtr(tInt(8)),localID(%25),tPtr(tInt(32))) store(tInt(32),localID(%24),localID(%26),align(1)) lshr(localID(%27),rounded,tInt(64),localID(%17),32) trunc(localID(%28),tInt(64),localID(%27),tInt(32)) getelementptr(localID(%29),inbounds,tInt(8),localID(%2),gepIndex(tInt(64),12) ) bitcast(localID(%30),tPtr(tInt(8)),localID(%29),tPtr(tInt(32))) store(tInt(32),localID(%28),localID(%30),align(1)) getelementptr(localID(%31),inbounds,tInt(8),localID(%2),gepIndex(tInt(64),16) ) bitcast(localID(%32),tPtr(tInt(8)),localID(%31),tPtr(opt: /home/ubuntu/Github/llvm-verified-backend/parser/PrintKASTModule.cpp:906: void (anonymous namespace)::PrintKASTModule::printKASTType(llvm::Type &): Assertion `false && "KAST printer: missing type!"' failed.
#0 0x000055bd5be32478 llvm::sys::PrintStackTrace(llvm::raw_ostream&) /home/ubuntu/Install/llvm/llvm-4.0.0.src/lib/Support/Unix/Signals.inc:406:0
#1 0x000055bd5be3027e llvm::sys::RunSignalHandlers() /home/ubuntu/Install/llvm/llvm-4.0.0.src/lib/Support/Signals.cpp:45:0
#2 0x000055bd5be303e4 SignalHandler(int) /home/ubuntu/Install/llvm/llvm-4.0.0.src/lib/Support/Unix/Signals.inc:246:0
#3 0x00007f5b47111890 __restore_rt (/lib/x86_64-linux-gnu/libpthread.so.0+0x12890)
#4 0x00007f5b461b2e97 gsignal (/lib/x86_64-linux-gnu/libc.so.6+0x3ee97)
#5 0x00007f5b461b4801 abort (/lib/x86_64-linux-gnu/libc.so.6+0x40801)
#6 0x00007f5b461a439a (/lib/x86_64-linux-gnu/libc.so.6+0x3039a)
#7 0x00007f5b461a4412 (/lib/x86_64-linux-gnu/libc.so.6+0x30412)
#8 0x00007f5b45f4e24e (anonymous namespace)::PrintKASTModule::printKASTType(llvm::Type&) /home/ubuntu/Github/llvm-verified-backend/parser/PrintKASTModule.cpp:909:3
#9 0x00007f5b45f4de94 (anonymous namespace)::PrintKASTModule::printKASTType(llvm::Type&) /home/ubuntu/Github/llvm-verified-backend/parser/PrintKASTModule.cpp:859:7
#10 0x00007f5b45f526a4 (anonymous namespace)::PrintKASTModule::visitCastInst(llvm::CastInst&) /home/ubuntu/Github/llvm-verified-backend/parser/PrintKASTModule.cpp:1022:5
#11 0x00007f5b45f528d8 llvm::InstVisitor<(anonymous namespace)::PrintKASTModule, void>::visitBitCastInst(llvm::BitCastInst&) /home/ubuntu/Install/llvm/llvm.4.0.0.install/include/llvm/IR/InstVisitor.h:196:53
#12 0x00007f5b45f518c8 llvm::InstVisitor<(anonymous namespace)::PrintKASTModule, void>::visitBitCast(llvm::BitCastInst&) /home/ubuntu/Install/llvm/llvm.4.0.0.install/include/llvm/IR/Instruction.def:172:1
#13 0x00007f5b45f50614 llvm::InstVisitor<(anonymous namespace)::PrintKASTModule, void>::visit(llvm::Instruction&) /home/ubuntu/Install/llvm/llvm.4.0.0.install/include/llvm/IR/Instruction.def:172:1
#14 0x00007f5b45f500cb (anonymous namespace)::PrintKASTModule::printKASTBasicBlock(llvm::BasicBlock&) /home/ubuntu/Github/llvm-verified-backend/parser/PrintKASTModule.cpp:602:7
#15 0x00007f5b45f4d748 (anonymous namespace)::PrintKASTModule::printKASTFunctionDefinition(llvm::Function&) /home/ubuntu/Github/llvm-verified-backend/parser/PrintKASTModule.cpp:584:7
#16 0x00007f5b45f4b888 (anonymous namespace)::PrintKASTModule::printKASTModule(llvm::Module&) /home/ubuntu/Github/llvm-verified-backend/parser/PrintKASTModule.cpp:286:7
#17 0x00007f5b45f4b28b (anonymous namespace)::PrintKASTModule::runOnModule(llvm::Module&) /home/ubuntu/Github/llvm-verified-backend/parser/PrintKASTModule.cpp:228:5
#18 0x000055bd5b9723e1 runOnModule /home/ubuntu/Install/llvm/llvm-4.0.0.src/lib/IR/LegacyPassManager.cpp:1590:0
#19 0x000055bd5b9723e1 llvm::legacy::PassManagerImpl::run(llvm::Module&) /home/ubuntu/Install/llvm/llvm-4.0.0.src/lib/IR/LegacyPassManager.cpp:1693:0
#20 0x000055bd5b1aff15 main /home/ubuntu/Install/llvm/llvm-4.0.0.src/tools/opt/opt.cpp:734:0
#21 0x00007f5b46195b97 __libc_start_main (/lib/x86_64-linux-gnu/libc.so.6+0x21b97)
#22 0x000055bd5b1eaf2a _start (/home/ubuntu/Install/llvm/llvm.4.0.0.install//bin/opt+0x34bf2a)
Stack dump:
0.	Program arguments: /home/ubuntu/Install/llvm/llvm.4.0.0.install//bin/opt -load /home/ubuntu/Github/llvm-verified-backend/scripts/../parser.build/LLVMPrintKASTModule.so -print-kast-module test.mod.ll 
1.	Running pass 'Print module as a K AST to stderr' on module 'test.mod.ll'.
0.33user 0.12system 0:00.95elapsed 48%CPU (0avgtext+0avgdata 162920maxresident)k
0inputs+96outputs (0major+28761minor)pagefaults 0swaps
