/home/ubuntu/Install/llvm/llvm.4.0.0.install//bin/opt: test.mod.ll:174:25: error: use of undefined value '@my.fabs.f64'
  %8 = tail call double @my.fabs.f64(double %7) #22
                        ^
0.01user 0.00system 0:00.02elapsed 108%CPU (0avgtext+0avgdata 27924maxresident)k
0inputs+16outputs (0major+3269minor)pagefaults 0swaps
