/home/ubuntu/Install/llvm/llvm.4.0.0.install//bin/opt: test.mod.ll:215:13: error: use of undefined value '@my.lifetime.end'
  call void @my.lifetime.end(i64 16, i8* nonnull %22)
            ^
0.03user 0.01system 0:00.18elapsed 28%CPU (0avgtext+0avgdata 27408maxresident)k
0inputs+16outputs (0major+3277minor)pagefaults 0swaps
