/home/ubuntu/Install/llvm/llvm.4.0.0.install//bin/opt: test.mod.ll:179:22: error: use of undefined value '@my.ctlz.i32'
  %6 = tail call i32 @my.ctlz.i32(i32 %5, i1 true) #22
                     ^
0.02user 0.03system 0:00.05elapsed 100%CPU (0avgtext+0avgdata 27584maxresident)k
0inputs+16outputs (0major+3276minor)pagefaults 0swaps
