/home/ubuntu/Install/llvm/llvm.4.0.0.install//bin/opt: test.mod.ll:181:25: error: use of undefined value '@my.fabs.f64'
  %8 = tail call double @my.fabs.f64(double %7) #22
                        ^
0.02user 0.03system 0:00.09elapsed 60%CPU (0avgtext+0avgdata 27612maxresident)k
0inputs+16outputs (0major+3275minor)pagefaults 0swaps
